[
  {
    "groupId": "androidx.annotation",
    "artifactId": "annotation",
    "version": "1.3.0",
    "name": "Android Support Library Annotations",
    "spdxLicenses": [
      {
        "identifier": "Apache-2.0",
        "name": "Apache License 2.0",
        "url": "https://www.apache.org/licenses/LICENSE-2.0"
      }
    ],
    "scm": {
      "url": "https://cs.android.com/androidx/platform/frameworks/support"
    }
  }
]
